#
# There is insufficient memory for the Java Runtime Environment to continue.
# Native memory allocation (malloc) failed to allocate 1239584 bytes. Error detail: Chunk::new
# Possible reasons:
#   The system is out of physical RAM or swap space
#   This process is running with CompressedOops enabled, and the Java Heap may be blocking the growth of the native heap
# Possible solutions:
#   Reduce memory load on the system
#   Increase physical memory or swap space
#   Check if swap backing store is full
#   Decrease Java heap size (-Xmx/-Xms)
#   Decrease number of Java threads
#   Decrease Java thread stack sizes (-Xss)
#   Set larger code cache with -XX:ReservedCodeCacheSize=
#   JVM is running with Unscaled Compressed Oops mode in which the Java heap is
#     placed in the first 4GB address space. The Java Heap base address is the
#     maximum limit for the native heap growth. Please use -XX:HeapBaseMinAddress
#     to set the Java Heap base and to place the Java Heap above 4GB virtual address.
# This output file may be truncated or incomplete.
#
#  Out of Memory Error (arena.cpp:168), pid=28640, tid=26272
#
# JRE version: OpenJDK Runtime Environment Temurin-21.0.10+7 (21.0.10+7) (build 21.0.10+7-LTS)
# Java VM: OpenJDK 64-Bit Server VM Temurin-21.0.10+7 (21.0.10+7-LTS, mixed mode, sharing, tiered, compressed oops, compressed class ptrs, parallel gc, windows-amd64)
# No core dump will be written. Minidumps are not enabled by default on client versions of Windows
#

---------------  S U M M A R Y ------------

Command Line: --add-modules=ALL-SYSTEM --add-opens=java.base/java.util=ALL-UNNAMED --add-opens=java.base/java.lang=ALL-UNNAMED --add-opens=java.base/sun.nio.fs=ALL-UNNAMED -Declipse.application=org.eclipse.jdt.ls.core.id1 -Dosgi.bundles.defaultStartLevel=4 -Declipse.product=org.eclipse.jdt.ls.core.product -Djava.import.generatesMetadataFilesAtProjectRoot=false -DDetectVMInstallationsJob.disabled=true -Dfile.encoding=utf8 -XX:+UseParallelGC -XX:GCTimeRatio=4 -XX:AdaptiveSizePolicyWeight=90 -Dsun.zip.disableMemoryMapping=true -Xmx2G -Xms100m -Xlog:disable -javaagent:c:\Users\ASUS\.vscode\extensions\redhat.java-1.54.0-win32-x64\lombok\lombok-1.18.39-4050.jar c:\Users\ASUS\.vscode\extensions\redhat.java-1.54.0-win32-x64\server\plugins\org.eclipse.equinox.launcher_1.7.100.v20251111-0406.jar -configuration c:\Users\ASUS\AppData\Roaming\Code\User\globalStorage\redhat.java\1.54.0\config_ss_win -data c:\Users\ASUS\AppData\Roaming\Code\User\workspaceStorage\a23a4590c992298b5fd018e40d9421f0\redhat.java\ss_ws --pipe=\\.\pipe\lsp-33b9ce0d68bf39a45476ceb058b23d50-sock

Host: 13th Gen Intel(R) Core(TM) i5-1335U, 12 cores, 15G,  Windows 11 , 64 bit Build 26100 (10.0.26100.8328)
Time: Sat May  9 17:02:41 2026 Sri Lanka Standard Time elapsed time: 7.845471 seconds (0d 0h 0m 7s)

---------------  T H R E A D  ---------------

Current thread (0x0000027777c5e810):  JavaThread "C2 CompilerThread0" daemon [_thread_in_native, id=26272, stack(0x000000f173600000,0x000000f173700000) (1024K)]


Current CompileTask:
C2:7845 2596       4       java.lang.invoke.MethodType::makeImpl (109 bytes)

Stack: [0x000000f173600000,0x000000f173700000]
Native frames: (J=compiled Java code, j=interpreted, Vv=VM code, C=native code)
V  [jvm.dll+0x6d7a39]
V  [jvm.dll+0x8b4b26]
V  [jvm.dll+0x8b70de]
V  [jvm.dll+0x8b77c3]
V  [jvm.dll+0x284346]
V  [jvm.dll+0xc66ed]
V  [jvm.dll+0xc6c31]
V  [jvm.dll+0x3bec3b]
V  [jvm.dll+0x1e3f69]
V  [jvm.dll+0x24c6b3]
V  [jvm.dll+0x24bb40]
V  [jvm.dll+0x1cb34e]
V  [jvm.dll+0x25b85d]
V  [jvm.dll+0x259dea]
V  [jvm.dll+0x3f857e]
V  [jvm.dll+0x85f59d]
V  [jvm.dll+0x6d626d]
C  [ucrtbase.dll+0x37b0]
C  [KERNEL32.DLL+0x2e957]
C  [ntdll.dll+0x427c]


---------------  P R O C E S S  ---------------

Threads class SMR info:
_java_thread_list=0x0000027757208b00, length=19, elements={
0x0000027777b9d280, 0x0000027777c41f50, 0x0000027777c44280, 0x0000027777c47890,
0x0000027777c4a6b0, 0x0000027777c4c4c0, 0x0000027777c50650, 0x0000027777c5e810,
0x00000277509d2350, 0x0000027750c4c8e0, 0x0000027750bb1e20, 0x000002775652a700,
0x0000027756847a70, 0x00000277569ce820, 0x00000277569f5f90, 0x0000027756c30990,
0x0000027756d84040, 0x000002775695e1c0, 0x000002775694e780
}

Java Threads: ( => current thread )
  0x0000027777b9d280 JavaThread "main"                              [_thread_blocked, id=28796, stack(0x000000f172c00000,0x000000f172d00000) (1024K)]
  0x0000027777c41f50 JavaThread "Reference Handler"          daemon [_thread_blocked, id=19952, stack(0x000000f173000000,0x000000f173100000) (1024K)]
  0x0000027777c44280 JavaThread "Finalizer"                  daemon [_thread_blocked, id=19172, stack(0x000000f173100000,0x000000f173200000) (1024K)]
  0x0000027777c47890 JavaThread "Signal Dispatcher"          daemon [_thread_blocked, id=26980, stack(0x000000f173200000,0x000000f173300000) (1024K)]
  0x0000027777c4a6b0 JavaThread "Attach Listener"            daemon [_thread_blocked, id=17836, stack(0x000000f173300000,0x000000f173400000) (1024K)]
  0x0000027777c4c4c0 JavaThread "Service Thread"             daemon [_thread_blocked, id=25020, stack(0x000000f173400000,0x000000f173500000) (1024K)]
  0x0000027777c50650 JavaThread "Monitor Deflation Thread"   daemon [_thread_blocked, id=24728, stack(0x000000f173500000,0x000000f173600000) (1024K)]
=>0x0000027777c5e810 JavaThread "C2 CompilerThread0"         daemon [_thread_in_native, id=26272, stack(0x000000f173600000,0x000000f173700000) (1024K)]
  0x00000277509d2350 JavaThread "C1 CompilerThread0"         daemon [_thread_blocked, id=20292, stack(0x000000f173700000,0x000000f173800000) (1024K)]
  0x0000027750c4c8e0 JavaThread "Common-Cleaner"             daemon [_thread_blocked, id=28808, stack(0x000000f173900000,0x000000f173a00000) (1024K)]
  0x0000027750bb1e20 JavaThread "Notification Thread"        daemon [_thread_blocked, id=17292, stack(0x000000f173800000,0x000000f173900000) (1024K)]
  0x000002775652a700 JavaThread "Active Thread: Equinox Container: 553420fb-9774-452e-b15d-a7b1b214a198"        [_thread_blocked, id=25420, stack(0x000000f174200000,0x000000f174300000) (1024K)]
  0x0000027756847a70 JavaThread "Framework Event Dispatcher: Equinox Container: 553420fb-9774-452e-b15d-a7b1b214a198" daemon [_thread_blocked, id=22152, stack(0x000000f174300000,0x000000f174400000) (1024K)]
  0x00000277569ce820 JavaThread "Start Level: Equinox Container: 553420fb-9774-452e-b15d-a7b1b214a198" daemon [_thread_in_native, id=28576, stack(0x000000f174400000,0x000000f174500000) (1024K)]
  0x00000277569f5f90 JavaThread "SCR Component Actor"        daemon [_thread_blocked, id=26264, stack(0x000000f173a00000,0x000000f173b00000) (1024K)]
  0x0000027756c30990 JavaThread "Worker-JM"                         [_thread_blocked, id=19152, stack(0x000000f173b00000,0x000000f173c00000) (1024K)]
  0x0000027756d84040 JavaThread "JNA Cleaner"                daemon [_thread_blocked, id=26728, stack(0x000000f174800000,0x000000f174900000) (1024K)]
  0x000002775695e1c0 JavaThread "Worker-0"                          [_thread_blocked, id=14316, stack(0x000000f174900000,0x000000f174a00000) (1024K)]
  0x000002775694e780 JavaThread "Worker-1"                          [_thread_blocked, id=20072, stack(0x000000f174a00000,0x000000f174b00000) (1024K)]
Total: 19

Other Threads:
  0x00000277509b0d70 VMThread "VM Thread"                           [id=25396, stack(0x000000f172f00000,0x000000f173000000) (1024K)]
  0x0000027777a2ca00 WatcherThread "VM Periodic Task Thread"        [id=6128, stack(0x000000f172e00000,0x000000f172f00000) (1024K)]
  0x0000027777bbb600 WorkerThread "GC Thread#0"                     [id=20544, stack(0x000000f172d00000,0x000000f172e00000) (1024K)]
  0x000002775616b620 WorkerThread "GC Thread#1"                     [id=28344, stack(0x000000f173c00000,0x000000f173d00000) (1024K)]
  0x000002775616b9d0 WorkerThread "GC Thread#2"                     [id=14528, stack(0x000000f173d00000,0x000000f173e00000) (1024K)]
  0x000002775616cff0 WorkerThread "GC Thread#3"                     [id=3264, stack(0x000000f173e00000,0x000000f173f00000) (1024K)]
  0x000002775616bd80 WorkerThread "GC Thread#4"                     [id=16612, stack(0x000000f173f00000,0x000000f174000000) (1024K)]
  0x000002775616c130 WorkerThread "GC Thread#5"                     [id=5640, stack(0x000000f174000000,0x000000f174100000) (1024K)]
  0x000002775616c890 WorkerThread "GC Thread#6"                     [id=28644, stack(0x000000f174100000,0x000000f174200000) (1024K)]
  0x000002775616c4e0 WorkerThread "GC Thread#7"                     [id=21968, stack(0x000000f174500000,0x000000f174600000) (1024K)]
  0x0000027756c31070 WorkerThread "GC Thread#8"                     [id=27032, stack(0x000000f174600000,0x000000f174700000) (1024K)]
  0x0000027756c322e0 WorkerThread "GC Thread#9"                     [id=10800, stack(0x000000f174700000,0x000000f174800000) (1024K)]
Total: 12

Threads with active compile tasks:
C2 CompilerThread0  7896 2596       4       java.lang.invoke.MethodType::makeImpl (109 bytes)
Total: 1

VM state: not at safepoint (normal execution)

VM Mutex/Monitor currently owned by a thread: None

Heap address: 0x0000000080000000, size: 2048 MB, Compressed Oops mode: 32-bit

CDS archive(s) mapped at: [0x000002770f000000-0x000002770fba0000-0x000002770fba0000), size 12189696, SharedBaseAddress: 0x000002770f000000, ArchiveRelocationMode: 1.
Compressed class space mapped at: 0x0000027710000000-0x0000027750000000, reserved size: 1073741824
Narrow klass base: 0x000002770f000000, Narrow klass shift: 0, Narrow klass range: 0x100000000

GC Precious Log:
 CardTable entry size: 512
 CPUs: 12 total, 12 available
 Memory: 16009M
 Large Page Support: Disabled
 NUMA Support: Disabled
 Compressed Oops: Enabled (32-bit)
 Alignments: Space 512K, Generation 512K, Heap 2M
 Heap Min Capacity: 100M
 Heap Initial Capacity: 100M
 Heap Max Capacity: 2G
 Pre-touch: Disabled
 Parallel Workers: 10

Heap:
 PSYoungGen      total 29696K, used 21994K [0x00000000d5580000, 0x00000000d7680000, 0x0000000100000000)
  eden space 25600K, 69% used [0x00000000d5580000,0x00000000d66fc8b0,0x00000000d6e80000)
  from space 4096K, 99% used [0x00000000d7280000,0x00000000d767e2e8,0x00000000d7680000)
  to   space 4096K, 0% used [0x00000000d6e80000,0x00000000d6e80000,0x00000000d7280000)
 ParOldGen       total 68608K, used 4536K [0x0000000080000000, 0x0000000084300000, 0x00000000d5580000)
  object space 68608K, 6% used [0x0000000080000000,0x000000008046e320,0x0000000084300000)
 Metaspace       used 19009K, committed 19648K, reserved 1114112K
  class space    used 1904K, committed 2176K, reserved 1048576K

Card table byte_map: [0x0000027777540000,0x0000027777950000] _byte_map_base: 0x0000027777140000

Marking Bits: (ParMarkBitMap*) 0x00007ffb202d3450
 Begin Bits: [0x000002777b050000, 0x000002777d050000)
 End Bits:   [0x000002777d050000, 0x000002777f050000)

Polling page: 0x0000027775a00000

Metaspace:

Usage:
  Non-class:     16.71 MB used.
      Class:      1.86 MB used.
       Both:     18.56 MB used.

Virtual space:
  Non-class space:       64.00 MB reserved,      17.06 MB ( 27%) committed,  1 nodes.
      Class space:        1.00 GB reserved,       2.12 MB ( <1%) committed,  1 nodes.
             Both:        1.06 GB reserved,      19.19 MB (  2%) committed. 

Chunk freelists:
   Non-Class:  14.48 MB
       Class:  13.70 MB
        Both:  28.19 MB

MaxMetaspaceSize: unlimited
CompressedClassSpaceSize: 1.00 GB
Initial GC threshold: 21.00 MB
Current GC threshold: 21.00 MB
CDS: on
 - commit_granule_bytes: 65536.
 - commit_granule_words: 8192.
 - virtual_space_node_default_size: 8388608.
 - enlarge_chunks_in_place: 1.
 - use_allocation_guard: 0.


Internal statistics:

num_allocs_failed_limit: 0.
num_arena_births: 496.
num_arena_deaths: 0.
num_vsnodes_births: 2.
num_vsnodes_deaths: 0.
num_space_committed: 308.
num_space_uncommitted: 0.
num_chunks_returned_to_freelist: 0.
num_chunks_taken_from_freelist: 1208.
num_chunk_merges: 0.
num_chunk_splits: 768.
num_chunks_enlarged: 493.
num_inconsistent_stats: 0.

CodeHeap 'non-profiled nmethods': size=120000Kb used=1134Kb max_used=1134Kb free=118865Kb
 bounds [0x0000027707ad0000, 0x0000027707d40000, 0x000002770f000000]
CodeHeap 'profiled nmethods': size=120000Kb used=5008Kb max_used=5008Kb free=114991Kb
 bounds [0x0000027700000000, 0x00000277004f0000, 0x0000027707530000]
CodeHeap 'non-nmethods': size=5760Kb used=1272Kb max_used=1289Kb free=4487Kb
 bounds [0x0000027707530000, 0x00000277077a0000, 0x0000027707ad0000]
CodeCache: size=245760Kb, used=7414Kb, max_used=7431Kb, free=238343Kb
 total_blobs=3244, nmethods=2695, adapters=455, full_count=0
Compilation: enabled, stopped_count=0, restarted_count=0

Compilation events (20 events):
Event: 6.532 Thread 0x00000277509d2350 2691       1       org.eclipse.core.internal.dtree.AbstractDataTreeNode::isDelta (2 bytes)
Event: 6.533 Thread 0x00000277509d2350 nmethod 2691 0x0000027707beb390 code [0x0000027707beb520, 0x0000027707beb5e8]
Event: 6.533 Thread 0x00000277509d2350 2692       3       java.util.concurrent.locks.ReentrantLock$Sync::tryLockNanos (36 bytes)
Event: 6.534 Thread 0x00000277509d2350 nmethod 2692 0x00000277004dd590 code [0x00000277004dd7a0, 0x00000277004ddd40]
Event: 6.797 Thread 0x00000277509d2350 2693       3       java.util.ArrayDeque::toArray (7 bytes)
Event: 6.797 Thread 0x00000277509d2350 nmethod 2693 0x00000277004ddf10 code [0x00000277004de0c0, 0x00000277004de208]
Event: 6.797 Thread 0x00000277509d2350 2696       3       java.util.ArrayDeque::circularClear (43 bytes)
Event: 6.798 Thread 0x00000277509d2350 nmethod 2696 0x00000277004de290 code [0x00000277004de460, 0x00000277004de860]
Event: 6.798 Thread 0x00000277509d2350 2694       3       java.util.ArrayDeque::toArray (99 bytes)
Event: 6.798 Thread 0x00000277509d2350 nmethod 2694 0x00000277004dea10 code [0x00000277004dec00, 0x00000277004df1e8]
Event: 6.798 Thread 0x00000277509d2350 2695       3       java.util.ArrayDeque::clear (26 bytes)
Event: 6.799 Thread 0x00000277509d2350 nmethod 2695 0x00000277004df390 code [0x00000277004df540, 0x00000277004df6a8]
Event: 6.801 Thread 0x00000277509d2350 2697       3       org.lombokweb.asm.SymbolTable::addConstantIntegerOrFloat (21 bytes)
Event: 6.801 Thread 0x00000277509d2350 nmethod 2697 0x00000277004df790 code [0x00000277004df960, 0x00000277004dfbc8]
Event: 6.802 Thread 0x00000277509d2350 2698       3       org.lombokweb.asm.SymbolTable::addConstant (317 bytes)
Event: 6.805 Thread 0x00000277509d2350 nmethod 2698 0x00000277004dfd10 code [0x00000277004e02c0, 0x00000277004e3410]
Event: 6.805 Thread 0x00000277509d2350 2699       1       lombok.patcher.scripts.AddFieldScript::access$0 (5 bytes)
Event: 6.805 Thread 0x00000277509d2350 nmethod 2699 0x0000027707beb690 code [0x0000027707beb820, 0x0000027707beb8d0]
Event: 6.805 Thread 0x00000277509d2350 2700       3       org.lombokweb.asm.SymbolTable::addConstantInteger (7 bytes)
Event: 6.806 Thread 0x00000277509d2350 nmethod 2700 0x00000277004e3e90 code [0x00000277004e4040, 0x00000277004e4188]

GC Heap History (8 events):
Event: 2.385 GC heap before
{Heap before GC invocations=1 (full 0):
 PSYoungGen      total 29696K, used 25600K [0x00000000d5580000, 0x00000000d7680000, 0x0000000100000000)
  eden space 25600K, 100% used [0x00000000d5580000,0x00000000d6e80000,0x00000000d6e80000)
  from space 4096K, 0% used [0x00000000d7280000,0x00000000d7280000,0x00000000d7680000)
  to   space 4096K, 0% used [0x00000000d6e80000,0x00000000d6e80000,0x00000000d7280000)
 ParOldGen       total 68608K, used 0K [0x0000000080000000, 0x0000000084300000, 0x00000000d5580000)
  object space 68608K, 0% used [0x0000000080000000,0x0000000080000000,0x0000000084300000)
 Metaspace       used 4340K, committed 4608K, reserved 1114112K
  class space    used 474K, committed 576K, reserved 1048576K
}
Event: 2.398 GC heap after
{Heap after GC invocations=1 (full 0):
 PSYoungGen      total 29696K, used 3303K [0x00000000d5580000, 0x00000000d7680000, 0x0000000100000000)
  eden space 25600K, 0% used [0x00000000d5580000,0x00000000d5580000,0x00000000d6e80000)
  from space 4096K, 80% used [0x00000000d6e80000,0x00000000d71b9e98,0x00000000d7280000)
  to   space 4096K, 0% used [0x00000000d7280000,0x00000000d7280000,0x00000000d7680000)
 ParOldGen       total 68608K, used 16K [0x0000000080000000, 0x0000000084300000, 0x00000000d5580000)
  object space 68608K, 0% used [0x0000000080000000,0x0000000080004000,0x0000000084300000)
 Metaspace       used 4340K, committed 4608K, reserved 1114112K
  class space    used 474K, committed 576K, reserved 1048576K
}
Event: 3.551 GC heap before
{Heap before GC invocations=2 (full 0):
 PSYoungGen      total 29696K, used 28903K [0x00000000d5580000, 0x00000000d7680000, 0x0000000100000000)
  eden space 25600K, 100% used [0x00000000d5580000,0x00000000d6e80000,0x00000000d6e80000)
  from space 4096K, 80% used [0x00000000d6e80000,0x00000000d71b9e98,0x00000000d7280000)
  to   space 4096K, 0% used [0x00000000d7280000,0x00000000d7280000,0x00000000d7680000)
 ParOldGen       total 68608K, used 16K [0x0000000080000000, 0x0000000084300000, 0x00000000d5580000)
  object space 68608K, 0% used [0x0000000080000000,0x0000000080004000,0x0000000084300000)
 Metaspace       used 8172K, committed 8512K, reserved 1114112K
  class space    used 871K, committed 1024K, reserved 1048576K
}
Event: 3.560 GC heap after
{Heap after GC invocations=2 (full 0):
 PSYoungGen      total 29696K, used 4091K [0x00000000d5580000, 0x00000000d7680000, 0x0000000100000000)
  eden space 25600K, 0% used [0x00000000d5580000,0x00000000d5580000,0x00000000d6e80000)
  from space 4096K, 99% used [0x00000000d7280000,0x00000000d767efe8,0x00000000d7680000)
  to   space 4096K, 0% used [0x00000000d6e80000,0x00000000d6e80000,0x00000000d7280000)
 ParOldGen       total 68608K, used 1133K [0x0000000080000000, 0x0000000084300000, 0x00000000d5580000)
  object space 68608K, 1% used [0x0000000080000000,0x000000008011b670,0x0000000084300000)
 Metaspace       used 8172K, committed 8512K, reserved 1114112K
  class space    used 871K, committed 1024K, reserved 1048576K
}
Event: 4.613 GC heap before
{Heap before GC invocations=3 (full 0):
 PSYoungGen      total 29696K, used 29691K [0x00000000d5580000, 0x00000000d7680000, 0x0000000100000000)
  eden space 25600K, 100% used [0x00000000d5580000,0x00000000d6e80000,0x00000000d6e80000)
  from space 4096K, 99% used [0x00000000d7280000,0x00000000d767efe8,0x00000000d7680000)
  to   space 4096K, 0% used [0x00000000d6e80000,0x00000000d6e80000,0x00000000d7280000)
 ParOldGen       total 68608K, used 1133K [0x0000000080000000, 0x0000000084300000, 0x00000000d5580000)
  object space 68608K, 1% used [0x0000000080000000,0x000000008011b670,0x0000000084300000)
 Metaspace       used 13028K, committed 13568K, reserved 1114112K
  class space    used 1383K, committed 1664K, reserved 1048576K
}
Event: 4.623 GC heap after
{Heap after GC invocations=3 (full 0):
 PSYoungGen      total 29696K, used 4082K [0x00000000d5580000, 0x00000000d7680000, 0x0000000100000000)
  eden space 25600K, 0% used [0x00000000d5580000,0x00000000d5580000,0x00000000d6e80000)
  from space 4096K, 99% used [0x00000000d6e80000,0x00000000d727c860,0x00000000d7280000)
  to   space 4096K, 0% used [0x00000000d7280000,0x00000000d7280000,0x00000000d7680000)
 ParOldGen       total 68608K, used 2862K [0x0000000080000000, 0x0000000084300000, 0x00000000d5580000)
  object space 68608K, 4% used [0x0000000080000000,0x00000000802cb980,0x0000000084300000)
 Metaspace       used 13028K, committed 13568K, reserved 1114112K
  class space    used 1383K, committed 1664K, reserved 1048576K
}
Event: 5.602 GC heap before
{Heap before GC invocations=4 (full 0):
 PSYoungGen      total 29696K, used 29682K [0x00000000d5580000, 0x00000000d7680000, 0x0000000100000000)
  eden space 25600K, 100% used [0x00000000d5580000,0x00000000d6e80000,0x00000000d6e80000)
  from space 4096K, 99% used [0x00000000d6e80000,0x00000000d727c860,0x00000000d7280000)
  to   space 4096K, 0% used [0x00000000d7280000,0x00000000d7280000,0x00000000d7680000)
 ParOldGen       total 68608K, used 2862K [0x0000000080000000, 0x0000000084300000, 0x00000000d5580000)
  object space 68608K, 4% used [0x0000000080000000,0x00000000802cb980,0x0000000084300000)
 Metaspace       used 17165K, committed 17792K, reserved 1114112K
  class space    used 1806K, committed 2048K, reserved 1048576K
}
Event: 5.614 GC heap after
{Heap after GC invocations=4 (full 0):
 PSYoungGen      total 29696K, used 4088K [0x00000000d5580000, 0x00000000d7680000, 0x0000000100000000)
  eden space 25600K, 0% used [0x00000000d5580000,0x00000000d5580000,0x00000000d6e80000)
  from space 4096K, 99% used [0x00000000d7280000,0x00000000d767e2e8,0x00000000d7680000)
  to   space 4096K, 0% used [0x00000000d6e80000,0x00000000d6e80000,0x00000000d7280000)
 ParOldGen       total 68608K, used 4536K [0x0000000080000000, 0x0000000084300000, 0x00000000d5580000)
  object space 68608K, 6% used [0x0000000080000000,0x000000008046e320,0x0000000084300000)
 Metaspace       used 17165K, committed 17792K, reserved 1114112K
  class space    used 1806K, committed 2048K, reserved 1048576K
}

Dll operation events (10 events):
Event: 0.026 Loaded shared library c:\Users\ASUS\.vscode\extensions\redhat.java-1.54.0-win32-x64\jre\21.0.10-win32-x86_64\bin\java.dll
Event: 0.137 Loaded shared library c:\Users\ASUS\.vscode\extensions\redhat.java-1.54.0-win32-x64\jre\21.0.10-win32-x86_64\bin\zip.dll
Event: 0.170 Loaded shared library C:\Users\ASUS\.vscode\extensions\redhat.java-1.54.0-win32-x64\jre\21.0.10-win32-x86_64\bin\instrument.dll
Event: 0.179 Loaded shared library C:\Users\ASUS\.vscode\extensions\redhat.java-1.54.0-win32-x64\jre\21.0.10-win32-x86_64\bin\net.dll
Event: 0.183 Loaded shared library C:\Users\ASUS\.vscode\extensions\redhat.java-1.54.0-win32-x64\jre\21.0.10-win32-x86_64\bin\nio.dll
Event: 0.188 Loaded shared library C:\Users\ASUS\.vscode\extensions\redhat.java-1.54.0-win32-x64\jre\21.0.10-win32-x86_64\bin\zip.dll
Event: 0.217 Loaded shared library C:\Users\ASUS\.vscode\extensions\redhat.java-1.54.0-win32-x64\jre\21.0.10-win32-x86_64\bin\jimage.dll
Event: 0.346 Loaded shared library c:\Users\ASUS\.vscode\extensions\redhat.java-1.54.0-win32-x64\jre\21.0.10-win32-x86_64\bin\verify.dll
Event: 3.510 Loaded shared library C:\Users\ASUS\AppData\Roaming\Code\User\globalStorage\redhat.java\1.54.0\config_ss_win\org.eclipse.equinox.launcher\org.eclipse.equinox.launcher.win32.win32.x86_64_1.3.0.v20260203-2149\eclipse_11919.dll
Event: 5.172 Loaded shared library C:\Users\ASUS\AppData\Local\Temp\jna-2018896\jna252279075564400057.dll

Deoptimization events (20 events):
Event: 5.311 Thread 0x00000277569ce820 DEOPT PACKING pc=0x0000027707bd83a4 sp=0x000000f1744f96a0
Event: 5.311 Thread 0x00000277569ce820 DEOPT UNPACKING pc=0x0000027707583aa2 sp=0x000000f1744f9638 mode 2
Event: 5.525 Thread 0x00000277569ce820 Uncommon trap: trap_request=0xffffffde fr.pc=0x0000027707bc6694 relative=0x00000000000003b4
Event: 5.525 Thread 0x00000277569ce820 Uncommon trap: reason=class_check action=maybe_recompile pc=0x0000027707bc6694 method=java.util.regex.Pattern$BmpCharPropertyGreedy.match(Ljava/util/regex/Matcher;ILjava/lang/CharSequence;)Z @ 70 c2
Event: 5.525 Thread 0x00000277569ce820 DEOPT PACKING pc=0x0000027707bc6694 sp=0x000000f1744ef700
Event: 5.525 Thread 0x00000277569ce820 DEOPT UNPACKING pc=0x0000027707583aa2 sp=0x000000f1744ef6a8 mode 2
Event: 5.525 Thread 0x00000277569ce820 Uncommon trap: trap_request=0xffffffde fr.pc=0x0000027707bc6694 relative=0x00000000000003b4
Event: 5.525 Thread 0x00000277569ce820 Uncommon trap: reason=class_check action=maybe_recompile pc=0x0000027707bc6694 method=java.util.regex.Pattern$BmpCharPropertyGreedy.match(Ljava/util/regex/Matcher;ILjava/lang/CharSequence;)Z @ 70 c2
Event: 5.525 Thread 0x00000277569ce820 DEOPT PACKING pc=0x0000027707bc6694 sp=0x000000f1744ef550
Event: 5.525 Thread 0x00000277569ce820 DEOPT UNPACKING pc=0x0000027707583aa2 sp=0x000000f1744ef4f8 mode 2
Event: 5.526 Thread 0x00000277569ce820 Uncommon trap: trap_request=0xffffffde fr.pc=0x0000027707bc6694 relative=0x00000000000003b4
Event: 5.526 Thread 0x00000277569ce820 Uncommon trap: reason=class_check action=maybe_recompile pc=0x0000027707bc6694 method=java.util.regex.Pattern$BmpCharPropertyGreedy.match(Ljava/util/regex/Matcher;ILjava/lang/CharSequence;)Z @ 70 c2
Event: 5.526 Thread 0x00000277569ce820 DEOPT PACKING pc=0x0000027707bc6694 sp=0x000000f1744ef710
Event: 5.526 Thread 0x00000277569ce820 DEOPT UNPACKING pc=0x0000027707583aa2 sp=0x000000f1744ef6b8 mode 2
Event: 5.526 Thread 0x00000277569ce820 Uncommon trap: trap_request=0xffffffde fr.pc=0x0000027707bc6694 relative=0x00000000000003b4
Event: 5.526 Thread 0x00000277569ce820 Uncommon trap: reason=class_check action=maybe_recompile pc=0x0000027707bc6694 method=java.util.regex.Pattern$BmpCharPropertyGreedy.match(Ljava/util/regex/Matcher;ILjava/lang/CharSequence;)Z @ 70 c2
Event: 5.526 Thread 0x00000277569ce820 DEOPT PACKING pc=0x0000027707bc6694 sp=0x000000f1744ef560
Event: 5.526 Thread 0x00000277569ce820 DEOPT UNPACKING pc=0x0000027707583aa2 sp=0x000000f1744ef508 mode 2
Event: 5.671 Thread 0x00000277569ce820 DEOPT PACKING pc=0x0000027700417239 sp=0x000000f1744ef040
Event: 5.672 Thread 0x00000277569ce820 DEOPT UNPACKING pc=0x0000027707584242 sp=0x000000f1744ee540 mode 0

Classes loaded (20 events):
Event: 5.531 Loading class java/io/StringReader
Event: 5.531 Loading class java/io/StringReader done
Event: 5.557 Loading class java/util/zip/GZIPInputStream
Event: 5.557 Loading class java/util/zip/GZIPInputStream done
Event: 5.564 Loading class java/net/SocketTimeoutException
Event: 5.564 Loading class java/io/InterruptedIOException
Event: 5.564 Loading class java/io/InterruptedIOException done
Event: 5.564 Loading class java/net/SocketTimeoutException done
Event: 5.564 Loading class java/net/SocketException
Event: 5.564 Loading class java/net/SocketException done
Event: 5.564 Loading class java/net/UnknownHostException
Event: 5.565 Loading class java/net/UnknownHostException done
Event: 5.565 Loading class java/net/ProtocolException
Event: 5.565 Loading class java/net/ProtocolException done
Event: 5.617 Loading class java/lang/ThreadLocal$SuppliedThreadLocal
Event: 5.618 Loading class java/lang/ThreadLocal$SuppliedThreadLocal done
Event: 5.641 Loading class java/io/FileWriter
Event: 5.641 Loading class java/io/FileWriter done
Event: 5.645 Loading class java/lang/NegativeArraySizeException
Event: 5.645 Loading class java/lang/NegativeArraySizeException done

Classes unloaded (0 events):
No events

Classes redefined (0 events):
No events

Internal exceptions (20 events):
Event: 5.210 Thread 0x00000277569ce820 Exception <a 'java/lang/NoSuchMethodError'{0x00000000d63a0e00}: 'void java.lang.invoke.DirectMethodHandle$Holder.invokeSpecial(java.lang.Object, java.lang.Object, java.lang.Object, int)'> (0x00000000d63a0e00) 
thrown [s\src\hotspot\share\interpreter\linkResolver.cpp, line 773]
Event: 5.211 Thread 0x00000277569ce820 Exception <a 'java/lang/NoSuchMethodError'{0x00000000d63a4790}: 'void java.lang.invoke.DelegatingMethodHandle$Holder.reinvoke_L(java.lang.Object, java.lang.Object, int)'> (0x00000000d63a4790) 
thrown [s\src\hotspot\share\interpreter\linkResolver.cpp, line 773]
Event: 5.212 Thread 0x00000277569ce820 Exception <a 'java/lang/NoSuchMethodError'{0x00000000d63ab478}: 'int java.lang.invoke.Invokers$Holder.invokeExact_MT(java.lang.Object, java.lang.Object, java.lang.Object)'> (0x00000000d63ab478) 
thrown [s\src\hotspot\share\interpreter\linkResolver.cpp, line 773]
Event: 5.251 Thread 0x00000277569ce820 Exception <a 'java/lang/NoSuchMethodError'{0x00000000d64b7a60}: 'void java.lang.invoke.Invokers$Holder.invokeExact_MT(java.lang.Object, java.lang.Object, int, java.lang.Object)'> (0x00000000d64b7a60) 
thrown [s\src\hotspot\share\interpreter\linkResolver.cpp, line 773]
Event: 5.293 Thread 0x00000277569ce820 Exception <a 'java/lang/NoSuchMethodError'{0x00000000d65a48a8}: 'java.lang.Object java.lang.invoke.DirectMethodHandle$Holder.invokeSpecial(java.lang.Object, java.lang.Object, java.lang.Object, long, java.lang.Object)'> (0x00000000d65a48a8) 
thrown [s\src\hotspot\share\interpreter\linkResolver.cpp, line 773]
Event: 5.294 Thread 0x00000277569ce820 Exception <a 'java/lang/NoSuchMethodError'{0x00000000d65ac0f0}: 'java.lang.Object java.lang.invoke.DirectMethodHandle$Holder.newInvokeSpecial(java.lang.Object, java.lang.Object, java.lang.Object, long)'> (0x00000000d65ac0f0) 
thrown [s\src\hotspot\share\interpreter\linkResolver.cpp, line 773]
Event: 5.295 Thread 0x00000277569ce820 Exception <a 'java/lang/NoSuchMethodError'{0x00000000d65b04a0}: 'java.lang.Object java.lang.invoke.DirectMethodHandle$Holder.invokeSpecial(java.lang.Object, java.lang.Object, java.lang.Object, java.lang.Object, long)'> (0x00000000d65b04a0) 
thrown [s\src\hotspot\share\interpreter\linkResolver.cpp, line 773]
Event: 5.295 Thread 0x00000277569ce820 Exception <a 'java/lang/NoSuchMethodError'{0x00000000d65b40c0}: 'java.lang.Object java.lang.invoke.Invokers$Holder.linkToTargetMethod(java.lang.Object, java.lang.Object, long, java.lang.Object)'> (0x00000000d65b40c0) 
thrown [s\src\hotspot\share\interpreter\linkResolver.cpp, line 773]
Event: 5.315 Thread 0x00000277569ce820 Exception <a 'java/lang/NoSuchMethodError'{0x00000000d660c3f8}: 'int java.lang.invoke.DirectMethodHandle$Holder.invokeStaticInit(java.lang.Object, java.lang.Object, java.lang.Object)'> (0x00000000d660c3f8) 
thrown [s\src\hotspot\share\interpreter\linkResolver.cpp, line 773]
Event: 5.333 Thread 0x00000277569ce820 Exception <a 'java/lang/IncompatibleClassChangeError'{0x00000000d66b5370}: Found class java.lang.Object, but interface was expected> (0x00000000d66b5370) 
thrown [s\src\hotspot\share\interpreter\linkResolver.cpp, line 840]
Event: 5.346 Thread 0x00000277569ce820 Exception <a 'java/lang/NoSuchMethodError'{0x00000000d66ccc20}: 'java.lang.Object java.lang.invoke.DirectMethodHandle$Holder.invokeSpecial(java.lang.Object, java.lang.Object, java.lang.Object, int, java.lang.Object, java.lang.Object)'> (0x00000000d66ccc20) 
thrown [s\src\hotspot\share\interpreter\linkResolver.cpp, line 773]
Event: 5.347 Thread 0x00000277569ce820 Exception <a 'java/lang/NoSuchMethodError'{0x00000000d66d46f8}: 'java.lang.Object java.lang.invoke.DirectMethodHandle$Holder.newInvokeSpecial(java.lang.Object, java.lang.Object, java.lang.Object, int, java.lang.Object)'> (0x00000000d66d46f8) 
thrown [s\src\hotspot\share\interpreter\linkResolver.cpp, line 773]
Event: 5.348 Thread 0x00000277569ce820 Exception <a 'java/lang/NoSuchMethodError'{0x00000000d66d8678}: 'java.lang.Object java.lang.invoke.DirectMethodHandle$Holder.invokeSpecial(java.lang.Object, java.lang.Object, java.lang.Object, java.lang.Object, int, java.lang.Object)'> (0x00000000d66d8678) 
thrown [s\src\hotspot\share\interpreter\linkResolver.cpp, line 773]
Event: 5.348 Thread 0x00000277569ce820 Exception <a 'java/lang/NoSuchMethodError'{0x00000000d66dc1b8}: 'java.lang.Object java.lang.invoke.Invokers$Holder.linkToTargetMethod(java.lang.Object, java.lang.Object, int, java.lang.Object, java.lang.Object)'> (0x00000000d66dc1b8) 
thrown [s\src\hotspot\share\interpreter\linkResolver.cpp, line 773]
Event: 5.350 Thread 0x000002775695e1c0 Exception <a 'java/lang/NoSuchMethodError'{0x00000000d6610350}: 'java.lang.Object java.lang.invoke.DirectMethodHandle$Holder.invokeSpecial(java.lang.Object, java.lang.Object, int, java.lang.Object, java.lang.Object)'> (0x00000000d6610350) 
thrown [s\src\hotspot\share\interpreter\linkResolver.cpp, line 773]
Event: 5.351 Thread 0x000002775695e1c0 Exception <a 'java/lang/NoSuchMethodError'{0x00000000d6617088}: 'java.lang.Object java.lang.invoke.DirectMethodHandle$Holder.newInvokeSpecial(java.lang.Object, java.lang.Object, int, java.lang.Object)'> (0x00000000d6617088) 
thrown [s\src\hotspot\share\interpreter\linkResolver.cpp, line 773]
Event: 5.351 Thread 0x000002775695e1c0 Exception <a 'java/lang/NoSuchMethodError'{0x00000000d661a968}: 'java.lang.Object java.lang.invoke.DirectMethodHandle$Holder.invokeSpecial(java.lang.Object, java.lang.Object, java.lang.Object, int, java.lang.Object)'> (0x00000000d661a968) 
thrown [s\src\hotspot\share\interpreter\linkResolver.cpp, line 773]
Event: 5.389 Thread 0x00000277569ce820 Exception <a 'java/lang/NoSuchMethodError'{0x00000000d67fa118}: 'void java.lang.invoke.DirectMethodHandle$Holder.invokeSpecial(java.lang.Object, java.lang.Object, java.lang.Object, java.lang.Object, java.lang.Object)'> (0x00000000d67fa118) 
thrown [s\src\hotspot\share\interpreter\linkResolver.cpp, line 773]
Event: 5.496 Thread 0x00000277569ce820 Exception <a 'java/lang/NoSuchMethodError'{0x00000000d6ac7418}: 'double java.lang.invoke.DirectMethodHandle$Holder.invokeStatic(java.lang.Object, java.lang.Object)'> (0x00000000d6ac7418) 
thrown [s\src\hotspot\share\interpreter\linkResolver.cpp, line 773]
Event: 5.496 Thread 0x00000277569ce820 Exception <a 'java/lang/NoSuchMethodError'{0x00000000d6acaad8}: 'double java.lang.invoke.DirectMethodHandle$Holder.invokeStaticInit(java.lang.Object, java.lang.Object)'> (0x00000000d6acaad8) 
thrown [s\src\hotspot\share\interpreter\linkResolver.cpp, line 773]

ZGC Phase Switch (0 events):
No events

VM Operations (20 events):
Event: 3.829 Executing non-safepoint VM operation: HandshakeAllThreads (Deoptimize)
Event: 3.829 Executing non-safepoint VM operation: HandshakeAllThreads (Deoptimize) done
Event: 4.343 Executing non-safepoint VM operation: HandshakeAllThreads (Deoptimize)
Event: 4.343 Executing non-safepoint VM operation: HandshakeAllThreads (Deoptimize) done
Event: 4.612 Executing safepoint VM operation: ParallelGCFailedAllocation (Allocation Failure)
Event: 4.623 Executing safepoint VM operation: ParallelGCFailedAllocation (Allocation Failure) done
Event: 4.736 Executing non-safepoint VM operation: HandshakeAllThreads (Deoptimize)
Event: 4.736 Executing non-safepoint VM operation: HandshakeAllThreads (Deoptimize) done
Event: 4.746 Executing non-safepoint VM operation: HandshakeAllThreads (Deoptimize)
Event: 4.746 Executing non-safepoint VM operation: HandshakeAllThreads (Deoptimize) done
Event: 4.770 Executing non-safepoint VM operation: HandshakeAllThreads (Deoptimize)
Event: 4.770 Executing non-safepoint VM operation: HandshakeAllThreads (Deoptimize) done
Event: 5.188 Executing non-safepoint VM operation: HandshakeAllThreads (Deoptimize)
Event: 5.188 Executing non-safepoint VM operation: HandshakeAllThreads (Deoptimize) done
Event: 5.602 Executing safepoint VM operation: ParallelGCFailedAllocation (Allocation Failure)
Event: 5.614 Executing safepoint VM operation: ParallelGCFailedAllocation (Allocation Failure) done
Event: 6.615 Executing safepoint VM operation: Cleanup
Event: 6.765 Executing safepoint VM operation: Cleanup done
Event: 7.779 Executing safepoint VM operation: Cleanup
Event: 7.779 Executing safepoint VM operation: Cleanup done

Memory protections (0 events):
No events

Nmethod flushes (0 events):
No events

Events (20 events):
Event: 0.575 Thread 0x00000277509d2350 Thread added: 0x0000027750d0d100
Event: 0.736 Thread 0x00000277509d2350 Thread added: 0x000002775613f780
Event: 3.107 Thread 0x0000027777b9d280 Thread added: 0x000002775652a700
Event: 3.482 Thread 0x0000027777b9d280 Thread added: 0x0000027756847a70
Event: 3.494 Thread 0x0000027777b9d280 Thread added: 0x00000277569ce820
Event: 3.642 Thread 0x000002775613f780 Thread exited: 0x000002775613f780
Event: 3.736 Thread 0x0000027750d0d100 Thread exited: 0x0000027750d0d100
Event: 3.799 Thread 0x00000277569ce820 Thread added: 0x00000277569f5f90
Event: 3.999 Thread 0x00000277509d2350 Thread added: 0x0000027756b19510
Event: 3.999 Thread 0x00000277509d2350 Thread added: 0x00000277561c4dd0
Event: 4.280 Thread 0x00000277561c4dd0 Thread exited: 0x00000277561c4dd0
Event: 4.281 Thread 0x0000027756b19510 Thread exited: 0x0000027756b19510
Event: 4.418 Thread 0x00000277569ce820 Thread added: 0x0000027756c30990
Event: 4.797 Thread 0x00000277509d2350 Thread added: 0x0000027756915830
Event: 4.926 Thread 0x0000027756915830 Thread exited: 0x0000027756915830
Event: 5.226 Thread 0x00000277569ce820 Thread added: 0x0000027756d84040
Event: 5.301 Thread 0x00000277569ce820 Thread added: 0x000002775695e1c0
Event: 5.351 Thread 0x00000277569ce820 Thread added: 0x000002775694e780
Event: 5.539 Thread 0x00000277509d2350 Thread added: 0x0000027756cf6400
Event: 6.764 Thread 0x0000027756cf6400 Thread exited: 0x0000027756cf6400


Dynamic libraries:
0x00007ff6ca910000 - 0x00007ff6ca91e000 	c:\Users\ASUS\.vscode\extensions\redhat.java-1.54.0-win32-x64\jre\21.0.10-win32-x86_64\bin\java.exe
0x00007ffbe5b80000 - 0x00007ffbe5de7000 	C:\WINDOWS\SYSTEM32\ntdll.dll
0x00007ffbe3900000 - 0x00007ffbe39c9000 	C:\WINDOWS\System32\KERNEL32.DLL
0x00007ffbe31d0000 - 0x00007ffbe35c7000 	C:\WINDOWS\System32\KERNELBASE.dll
0x00007ffbe35d0000 - 0x00007ffbe371b000 	C:\WINDOWS\System32\ucrtbase.dll
0x00007ffbd20e0000 - 0x00007ffbd20f8000 	c:\Users\ASUS\.vscode\extensions\redhat.java-1.54.0-win32-x64\jre\21.0.10-win32-x86_64\bin\jli.dll
0x00007ffbe4410000 - 0x00007ffbe45d6000 	C:\WINDOWS\System32\USER32.dll
0x00007ffbe31a0000 - 0x00007ffbe31c7000 	C:\WINDOWS\System32\win32u.dll
0x00007ffbe4f90000 - 0x00007ffbe4fbb000 	C:\WINDOWS\System32\GDI32.dll
0x00007ffbe3720000 - 0x00007ffbe384c000 	C:\WINDOWS\System32\gdi32full.dll
0x00007ffbe3850000 - 0x00007ffbe38f3000 	C:\WINDOWS\System32\msvcp_win.dll
0x00007ffbcc8c0000 - 0x00007ffbcc8de000 	c:\Users\ASUS\.vscode\extensions\redhat.java-1.54.0-win32-x64\jre\21.0.10-win32-x86_64\bin\VCRUNTIME140.dll
0x00007ffbc5160000 - 0x00007ffbc53f2000 	C:\WINDOWS\WinSxS\amd64_microsoft.windows.common-controls_6595b64144ccf1df_6.0.26100.8328_none_3e08182ce334b678\COMCTL32.dll
0x00007ffbe39d0000 - 0x00007ffbe3a79000 	C:\WINDOWS\System32\msvcrt.dll
0x00007ffbe3c50000 - 0x00007ffbe3c82000 	C:\WINDOWS\System32\IMM32.DLL
0x00007ffbdd510000 - 0x00007ffbdd51c000 	c:\Users\ASUS\.vscode\extensions\redhat.java-1.54.0-win32-x64\jre\21.0.10-win32-x86_64\bin\vcruntime140_1.dll
0x00007ffb66b30000 - 0x00007ffb66bbd000 	c:\Users\ASUS\.vscode\extensions\redhat.java-1.54.0-win32-x64\jre\21.0.10-win32-x86_64\bin\msvcp140.dll
0x00007ffb1f610000 - 0x00007ffb203b1000 	c:\Users\ASUS\.vscode\extensions\redhat.java-1.54.0-win32-x64\jre\21.0.10-win32-x86_64\bin\server\jvm.dll
0x00007ffbe5250000 - 0x00007ffbe5306000 	C:\WINDOWS\System32\ADVAPI32.dll
0x00007ffbe5310000 - 0x00007ffbe53b7000 	C:\WINDOWS\System32\sechost.dll
0x00007ffbe5130000 - 0x00007ffbe5248000 	C:\WINDOWS\System32\RPCRT4.dll
0x00007ffbe4f00000 - 0x00007ffbe4f80000 	C:\WINDOWS\System32\WS2_32.dll
0x00007ffbe2410000 - 0x00007ffbe246e000 	C:\WINDOWS\SYSTEM32\POWRPROF.dll
0x00007ffbcc460000 - 0x00007ffbcc46b000 	C:\WINDOWS\SYSTEM32\VERSION.dll
0x00007ffbd6d70000 - 0x00007ffbd6da6000 	C:\WINDOWS\SYSTEM32\WINMM.dll
0x00007ffbe23f0000 - 0x00007ffbe2404000 	C:\WINDOWS\SYSTEM32\UMPDC.dll
0x00007ffbe12a0000 - 0x00007ffbe12bb000 	C:\WINDOWS\SYSTEM32\kernel.appcore.dll
0x00007ffbcfdc0000 - 0x00007ffbcfdca000 	c:\Users\ASUS\.vscode\extensions\redhat.java-1.54.0-win32-x64\jre\21.0.10-win32-x86_64\bin\jimage.dll
0x00007ffbe0400000 - 0x00007ffbe0642000 	C:\WINDOWS\SYSTEM32\DBGHELP.DLL
0x00007ffbe5790000 - 0x00007ffbe5b13000 	C:\WINDOWS\System32\combase.dll
0x00007ffbe4640000 - 0x00007ffbe4719000 	C:\WINDOWS\System32\OLEAUT32.dll
0x00007ffbb1b00000 - 0x00007ffbb1b3b000 	C:\WINDOWS\SYSTEM32\dbgcore.DLL
0x00007ffbe2ee0000 - 0x00007ffbe2f88000 	C:\WINDOWS\System32\bcryptPrimitives.dll
0x00007ffbc5ac0000 - 0x00007ffbc5acf000 	c:\Users\ASUS\.vscode\extensions\redhat.java-1.54.0-win32-x64\jre\21.0.10-win32-x86_64\bin\instrument.dll
0x00007ffbc4910000 - 0x00007ffbc4930000 	c:\Users\ASUS\.vscode\extensions\redhat.java-1.54.0-win32-x64\jre\21.0.10-win32-x86_64\bin\java.dll
0x00007ffbe3c90000 - 0x00007ffbe43fe000 	C:\WINDOWS\System32\SHELL32.dll
0x00007ffbe25b0000 - 0x00007ffbe2e1c000 	C:\WINDOWS\System32\windows.storage.dll
0x00007ffbe3b20000 - 0x00007ffbe3c16000 	C:\WINDOWS\System32\SHCORE.dll
0x00007ffbe4d30000 - 0x00007ffbe4d96000 	C:\WINDOWS\System32\shlwapi.dll
0x00007ffbe24d0000 - 0x00007ffbe24f9000 	C:\WINDOWS\SYSTEM32\profapi.dll
0x00007ffbc4690000 - 0x00007ffbc46a8000 	c:\Users\ASUS\.vscode\extensions\redhat.java-1.54.0-win32-x64\jre\21.0.10-win32-x86_64\bin\zip.dll
0x00007ffbc5ab0000 - 0x00007ffbc5ac0000 	C:\Users\ASUS\.vscode\extensions\redhat.java-1.54.0-win32-x64\jre\21.0.10-win32-x86_64\bin\net.dll
0x00007ffbdcab0000 - 0x00007ffbdcbd9000 	C:\WINDOWS\SYSTEM32\WINHTTP.dll
0x00007ffbe18b0000 - 0x00007ffbe191c000 	C:\WINDOWS\system32\mswsock.dll
0x00007ffbabd00000 - 0x00007ffbabd16000 	C:\Users\ASUS\.vscode\extensions\redhat.java-1.54.0-win32-x64\jre\21.0.10-win32-x86_64\bin\nio.dll
0x00007ffbc4850000 - 0x00007ffbc4860000 	c:\Users\ASUS\.vscode\extensions\redhat.java-1.54.0-win32-x64\jre\21.0.10-win32-x86_64\bin\verify.dll
0x00007ffb98b90000 - 0x00007ffb98bd5000 	C:\Users\ASUS\AppData\Roaming\Code\User\globalStorage\redhat.java\1.54.0\config_ss_win\org.eclipse.equinox.launcher\org.eclipse.equinox.launcher.win32.win32.x86_64_1.3.0.v20260203-2149\eclipse_11919.dll
0x00007ffbe55f0000 - 0x00007ffbe5787000 	C:\WINDOWS\System32\ole32.dll
0x00007ffbe1b90000 - 0x00007ffbe1bab000 	C:\WINDOWS\SYSTEM32\CRYPTSP.dll
0x00007ffbe12c0000 - 0x00007ffbe12f9000 	C:\WINDOWS\system32\rsaenh.dll
0x00007ffbe1960000 - 0x00007ffbe1993000 	C:\WINDOWS\SYSTEM32\USERENV.dll
0x00007ffbe24a0000 - 0x00007ffbe24ca000 	C:\WINDOWS\SYSTEM32\bcrypt.dll
0x00007ffbe1bb0000 - 0x00007ffbe1bbc000 	C:\WINDOWS\SYSTEM32\CRYPTBASE.dll
0x00007ffbe0d30000 - 0x00007ffbe0d62000 	C:\WINDOWS\SYSTEM32\IPHLPAPI.DLL
0x00007ffbe5b20000 - 0x00007ffbe5b2a000 	C:\WINDOWS\System32\NSI.dll
0x00007ffb89400000 - 0x00007ffb89449000 	C:\Users\ASUS\AppData\Local\Temp\jna-2018896\jna252279075564400057.dll
0x00007ffbe50a0000 - 0x00007ffbe50a8000 	C:\WINDOWS\System32\PSAPI.DLL

JVMTI agents:
c:\Users\ASUS\.vscode\extensions\redhat.java-1.54.0-win32-x64\lombok\lombok-1.18.39-4050.jar path:c:\Users\ASUS\.vscode\extensions\redhat.java-1.54.0-win32-x64\jre\21.0.10-win32-x86_64\bin\instrument.dll, loaded, initialized, instrumentlib options:none

dbghelp: loaded successfully - version: 4.0.5 - missing functions: none
symbol engine: initialized successfully - sym options: 0x614 - pdb path: .;c:\Users\ASUS\.vscode\extensions\redhat.java-1.54.0-win32-x64\jre\21.0.10-win32-x86_64\bin;C:\WINDOWS\SYSTEM32;C:\WINDOWS\WinSxS\amd64_microsoft.windows.common-controls_6595b64144ccf1df_6.0.26100.8328_none_3e08182ce334b678;c:\Users\ASUS\.vscode\extensions\redhat.java-1.54.0-win32-x64\jre\21.0.10-win32-x86_64\bin\server;C:\Users\ASUS\AppData\Roaming\Code\User\globalStorage\redhat.java\1.54.0\config_ss_win\org.eclipse.equinox.launcher\org.eclipse.equinox.launcher.win32.win32.x86_64_1.3.0.v20260203-2149;C:\Users\ASUS\AppData\Local\Temp\jna-2018896

VM Arguments:
jvm_args: --add-modules=ALL-SYSTEM --add-opens=java.base/java.util=ALL-UNNAMED --add-opens=java.base/java.lang=ALL-UNNAMED --add-opens=java.base/sun.nio.fs=ALL-UNNAMED -Declipse.application=org.eclipse.jdt.ls.core.id1 -Dosgi.bundles.defaultStartLevel=4 -Declipse.product=org.eclipse.jdt.ls.core.product -Djava.import.generatesMetadataFilesAtProjectRoot=false -DDetectVMInstallationsJob.disabled=true -Dfile.encoding=utf8 -XX:+UseParallelGC -XX:GCTimeRatio=4 -XX:AdaptiveSizePolicyWeight=90 -Dsun.zip.disableMemoryMapping=true -Xmx2G -Xms100m -Xlog:disable -javaagent:c:\Users\ASUS\.vscode\extensions\redhat.java-1.54.0-win32-x64\lombok\lombok-1.18.39-4050.jar 
java_command: c:\Users\ASUS\.vscode\extensions\redhat.java-1.54.0-win32-x64\server\plugins\org.eclipse.equinox.launcher_1.7.100.v20251111-0406.jar -configuration c:\Users\ASUS\AppData\Roaming\Code\User\globalStorage\redhat.java\1.54.0\config_ss_win -data c:\Users\ASUS\AppData\Roaming\Code\User\workspaceStorage\a23a4590c992298b5fd018e40d9421f0\redhat.java\ss_ws --pipe=\\.\pipe\lsp-33b9ce0d68bf39a45476ceb058b23d50-sock
java_class_path (initial): c:\Users\ASUS\.vscode\extensions\redhat.java-1.54.0-win32-x64\server\plugins\org.eclipse.equinox.launcher_1.7.100.v20251111-0406.jar
Launcher Type: SUN_STANDARD

[Global flags]
    uintx AdaptiveSizePolicyWeight                 = 90                                        {product} {command line}
     intx CICompilerCount                          = 4                                         {product} {ergonomic}
    uintx GCTimeRatio                              = 4                                         {product} {command line}
   size_t InitialHeapSize                          = 104857600                                 {product} {command line}
   size_t MaxHeapSize                              = 2147483648                                {product} {command line}
   size_t MaxNewSize                               = 715653120                                 {product} {ergonomic}
   size_t MinHeapDeltaBytes                        = 524288                                    {product} {ergonomic}
   size_t MinHeapSize                              = 104857600                                 {product} {command line}
   size_t NewSize                                  = 34603008                                  {product} {ergonomic}
    uintx NonNMethodCodeHeapSize                   = 5839372                                {pd product} {ergonomic}
    uintx NonProfiledCodeHeapSize                  = 122909434                              {pd product} {ergonomic}
   size_t OldSize                                  = 70254592                                  {product} {ergonomic}
    uintx ProfiledCodeHeapSize                     = 122909434                              {pd product} {ergonomic}
    uintx ReservedCodeCacheSize                    = 251658240                              {pd product} {ergonomic}
     bool SegmentedCodeCache                       = true                                      {product} {ergonomic}
   size_t SoftMaxHeapSize                          = 2147483648                             {manageable} {ergonomic}
     bool UseCompressedOops                        = true                           {product lp64_product} {ergonomic}
     bool UseLargePagesIndividualAllocation        = false                                  {pd product} {ergonomic}
     bool UseParallelGC                            = true                                      {product} {command line}

Logging:
Log output configuration:
 #0: stdout all=off uptime,level,tags foldmultilines=false
 #1: stderr all=off uptime,level,tags foldmultilines=false

Release file:
JAVA_VERSION="21.0.10" 
MODULES="java.base java.compiler java.datatransfer java.xml java.prefs java.desktop java.instrument java.logging java.management java.security.sasl java.naming java.rmi java.management.rmi java.net.http java.scripting java.security.jgss java.transaction.xa java.sql java.sql.rowset java.xml.crypto java.se java.smartcardio jdk.accessibility jdk.internal.jvmstat jdk.attach jdk.charsets jdk.internal.opt jdk.zipfs jdk.compiler jdk.crypto.ec jdk.crypto.cryptoki jdk.crypto.mscapi jdk.dynalink jdk.internal.ed jdk.editpad jdk.hotspot.agent jdk.httpserver jdk.internal.le jdk.internal.vm.ci jdk.internal.vm.compiler jdk.internal.vm.compiler.management jdk.jartool jdk.javadoc jdk.jcmd jdk.management jdk.management.agent jdk.jconsole jdk.jdeps jdk.jdwp.agent jdk.jdi jdk.jfr jdk.jshell jdk.jsobject jdk.jstatd jdk.localedata jdk.management.jfr jdk.naming.dns jdk.naming.rmi jdk.net jdk.nio.mapmode jdk.random jdk.sctp jdk.security.auth jdk.security.jgss jdk.unsupported jdk.unsupported.desktop jdk.xml.dom" 

Environment Variables:
PATH=C:\Users\ASUS\AppData\Local\Programs\Microsoft VS Code;C:\Program Files\Common Files\Oracle\Java\javapath;C:\Program Files (x86)\VMware\VMware Workstation\bin\;D:\SLIIT\dbhomeXE\bin;C:\WINDOWS\system32;C:\WINDOWS;C:\WINDOWS\System32\Wbem;C:\WINDOWS\System32\WindowsPowerShell\v1.0\;C:\WINDOWS\System32\OpenSSH\;C:\Program Files\Microsoft SQL Server\Client SDK\ODBC\170\Tools\Binn\;C:\Program Files (x86)\Microsoft SQL Server\150\Tools\Binn\;C:\Program Files\Microsoft SQL Server\150\Tools\Binn\;C:\Program Files\Microsoft SQL Server\150\DTS\Binn\;C:\Program Files\Azure Data Studio\bin;C:\Program Files (x86)\Windows Kits\10\Windows Performance Toolkit\;C:\Program Files (x86)\Microsoft SQL Server\160\DTS\Binn\;C:\Program Files\MySQL\MySQL Server 8.0\bin;C:\Program Files\Git\cmd;C:\Program Files\apache-maven-3.9.9\bin;C:\Program Files\Java\jdk-23\bin;;C:\Program Files\Docker\Docker\resources\bin;C:\Program Files\nodejs\;C:\ProgramData\chocolatey\bin;C:\Users\ASUS\AppData\Local\Programs\Python\Python311\Scripts\;C:\Users\ASUS\AppData\Local\Programs\Python\Python311\;C:\Users\ASUS\AppData\Local\Programs\Python\Launcher\;C:\Program Files\MySQL\MySQL Shell 8.0\bin\;C:\Users\ASUS\AppData\Local\Microsoft\WindowsApps;C:\Users\ASUS\AppData\Local\Programs\Microsoft VS Code\bin;C:\Program Files\Azure Data Studio\bin;C:\Program Files\JetBrains\IntelliJ IDEA 2024.1.4\bin;;C:\Program Files\JetBrains\IntelliJ IDEA Community Edition 2024.3.1.1\bin;;C:\Users\ASUS\AppData\Local\GitHubDesktop\bin;C:\Users\ASUS\AppData\Local\PowerToys\;C:\Program Files (x86)\MSquared\M2 RSM;C:\Users\ASUS\AppData\Roaming\npm
USERNAME=ASUS
OS=Windows_NT
PROCESSOR_IDENTIFIER=Intel64 Family 6 Model 186 Stepping 3, GenuineIntel
TMP=C:\Users\ASUS\AppData\Local\Temp
TEMP=C:\Users\ASUS\AppData\Local\Temp




Periodic native trim disabled

---------------  S Y S T E M  ---------------

OS:
 Windows 11 , 64 bit Build 26100 (10.0.26100.8328)
OS uptime: 0 days 2:41 hours
Hyper-V role detected

CPU: total 12 (initial active 12) (6 cores per cpu, 2 threads per core) family 6 model 186 stepping 3 microcode 0x410e, cx8, cmov, fxsr, ht, mmx, 3dnowpref, sse, sse2, sse3, ssse3, sse4.1, sse4.2, popcnt, lzcnt, tsc, tscinvbit, avx, avx2, aes, erms, clmul, bmi1, bmi2, adx, sha, fma, vzeroupper, clflush, clflushopt, clwb, hv, serialize, rdtscp, rdpid, fsrm, f16c, cet_ibt, cet_ss
Processor Information for processor 0
  Max Mhz: 1300, Current Mhz: 1300, Mhz Limit: 1300
Processor Information for processor 1
  Max Mhz: 1300, Current Mhz: 1300, Mhz Limit: 1300
Processor Information for processor 2
  Max Mhz: 1300, Current Mhz: 1300, Mhz Limit: 1300
Processor Information for processor 3
  Max Mhz: 1300, Current Mhz: 1300, Mhz Limit: 1300
Processor Information for processor 4
  Max Mhz: 1300, Current Mhz: 900, Mhz Limit: 897
Processor Information for processor 5
  Max Mhz: 1300, Current Mhz: 900, Mhz Limit: 897
Processor Information for processor 6
  Max Mhz: 1300, Current Mhz: 900, Mhz Limit: 897
Processor Information for processor 7
  Max Mhz: 1300, Current Mhz: 900, Mhz Limit: 897
Processor Information for processor 8
  Max Mhz: 1300, Current Mhz: 900, Mhz Limit: 897
Processor Information for processor 9
  Max Mhz: 1300, Current Mhz: 900, Mhz Limit: 897
Processor Information for processor 10
  Max Mhz: 1300, Current Mhz: 900, Mhz Limit: 897
Processor Information for processor 11
  Max Mhz: 1300, Current Mhz: 900, Mhz Limit: 897

Memory: 4k page, system-wide physical 16009M (1717M free)
TotalPageFile size 24201M (AvailPageFile size 23M)
current process WorkingSet (physical memory assigned to process): 133M, peak: 134M
current process commit charge ("private bytes"): 279M, peak: 279M

vm_info: OpenJDK 64-Bit Server VM (21.0.10+7-LTS) for windows-amd64 JRE (21.0.10+7-LTS), built on 2026-01-20T00:00:00Z by "admin" with MS VC++ 17.12 (VS2022)

END.
